// Jest Snapshot v1, https://goo.gl/fbAQLP

exports[`测试一下 1`] = `null`;
